[32m2026-09-05 21:14:02 -0400[0m - dagster - [34mDEBUG[0m - ewa_pipeline_job - 07443d86-4459-41b0-9591-9ce9929bd318 - 90796 - LOGS_CAPTURED - Capturing logs for process (pid: 90796).
[32m2026-09-05 21:14:02 -0400[0m - dagster - [34mDEBUG[0m - ewa_pipeline_job - 07443d86-4459-41b0-9591-9ce9929bd318 - 90796 - drain_kafka_to_duckdb - STEP_START - Started execution of step "drain_kafka_to_duckdb".
[32m2026-09-05 21:14:02 -0400[0m - dagster - [34mERROR[0m - [31mewa_pipeline_job - 07443d86-4459-41b0-9591-9ce9929bd318 - 90796 - drain_kafka_to_duckdb - STEP_FAILURE - Execution of step "drain_kafka_to_duckdb" failed.

dagster._core.errors.DagsterExecutionStepExecutionError: Error occurred while executing op "drain_kafka_to_duckdb"::

_duckdb.IOException: IO Error: Could not set lock on file "/Users/dcast822/ewa_streaming_pipeline/ewa-streaming-sim/ewa.duckdb": Conflicting lock is held in /opt/anaconda3/envs/py311/bin/python3.11 (PID 90784) by user dcast822. See also https://duckdb.org/docs/stable/connect/concurrency

Stack Trace:
  File "/Users/dcast822/ewa_streaming_pipeline/ewa-streaming-sim/.venv/lib/python3.11/site-packages/dagster/_core/execution/plan/utils.py", line 57, in op_execution_error_boundary
    yield
  File "/Users/dcast822/ewa_streaming_pipeline/ewa-streaming-sim/.venv/lib/python3.11/site-packages/dagster/_utils/__init__.py", line 394, in iterate_with_context
    next_output = next(iterator)
                  ^^^^^^^^^^^^^^
  File "/Users/dcast822/ewa_streaming_pipeline/ewa-streaming-sim/.venv/lib/python3.11/site-packages/dagster/_core/execution/plan/compute_generator.py", line 136, in _coerce_op_compute_fn_to_iterator
    result = invoke_compute_fn(
             ^^^^^^^^^^^^^^^^^^
  File "/Users/dcast822/ewa_streaming_pipeline/ewa-streaming-sim/.venv/lib/python3.11/site-packages/dagster/_core/execution/plan/compute_generator.py", line 116, in invoke_compute_fn
    return fn(context, **args_to_pass) if context_arg_provided else fn(**args_to_pass)
                                                                    ^^^^^^^^^^^^^^^^^^
  File "/Users/dcast822/ewa_streaming_pipeline/ewa-streaming-sim/dagster_project/ewa_dagster/ops.py", line 25, in drain_kafka_to_duckdb
    setup_conn = duckdb.connect(DB_PATH)
                 ^^^^^^^^^^^^^^^^^^^^^^^
[0m
