[32m2026-09-05 21:08:54 -0400[0m - dagster - [34mDEBUG[0m - ewa_pipeline_job - edacaa5f-c607-4a40-8304-a3afb18dd9e2 - 90170 - LOGS_CAPTURED - Capturing logs for process (pid: 90170).
[32m2026-09-05 21:08:54 -0400[0m - dagster - [34mDEBUG[0m - ewa_pipeline_job - edacaa5f-c607-4a40-8304-a3afb18dd9e2 - 90170 - dbt_test - STEP_START - Started execution of step "dbt_test".
[32m2026-09-05 21:08:54 -0400[0m - dagster - [34mDEBUG[0m - ewa_pipeline_job - edacaa5f-c607-4a40-8304-a3afb18dd9e2 - dbt_test - Loading file from: /Users/dcast822/ewa_streaming_pipeline/ewa-streaming-sim/dagster_project/.tmp_dagster_home_w_tw59_1/storage/edacaa5f-c607-4a40-8304-a3afb18dd9e2/dbt_run/result using PickledObjectFilesystemIOManager...
[32m2026-09-05 21:08:54 -0400[0m - dagster - [34mDEBUG[0m - ewa_pipeline_job - edacaa5f-c607-4a40-8304-a3afb18dd9e2 - 90170 - dbt_test - LOADED_INPUT - Loaded input "run_marker" using input manager "io_manager", from output "result" of step "dbt_run"
[32m2026-09-05 21:08:54 -0400[0m - dagster - [34mDEBUG[0m - ewa_pipeline_job - edacaa5f-c607-4a40-8304-a3afb18dd9e2 - 90170 - dbt_test - STEP_INPUT - Got input "run_marker" of type "Int". (Type check passed).
[32m2026-09-05 21:08:58 -0400[0m - dagster - [34mINFO[0m - ewa_pipeline_job - edacaa5f-c607-4a40-8304-a3afb18dd9e2 - dbt_test - [0m01:08:55  Running with dbt=1.12.3
[0m01:08:55  Registered adapter: duckdb=1.11.0
[0m01:08:56  Found 10 models, 2 seeds, 71 data tests, 2 sources, 616 macros
[0m01:08:56  
[0m01:08:56  Concurrency: 1 threads (target='dev')
[0m01:08:56  
[0m01:08:56  1 of 71 START test accepted_values_int_transactions_deduped_status__confirmed__pending__reversed  [RUN]
[0m01:08:56  1 of 71 PASS accepted_values_int_transactions_deduped_status__confirmed__pending__reversed  [[32mPASS[0m in 0.05s]
[0m01:08:56  2 of 71 START test accepted_values_mart_anomalies_anomaly_type__duplicate_transaction__late_arriving_transaction__high_value_transaction__over_cap_advance_request__unmatched_pay_period_advance_request__over_cap_earnings  [RUN]
[0m01:08:56  2 of 71 PASS accepted_values_mart_anomalies_anomaly_type__duplicate_transaction__late_arriving_transaction__high_value_transaction__over_cap_advance_request__unmatched_pay_period_advance_request__over_cap_earnings  [[32mPASS[0m in 0.03s]
[0m01:08:56  3 of 71 START test accepted_values_stg_advance_requests_status__approved__pending__denied  [RUN]
[0m01:08:56  3 of 71 PASS accepted_values_stg_advance_requests_status__approved__pending__denied  [[32mPASS[0m in 0.02s]
[0m01:08:56  4 of 71 START test accepted_values_stg_transactions_status__confirmed__pending__reversed  [RUN]
[0m01:08:56  4 of 71 PASS accepted_values_stg_transactions_status__confirmed__pending__reversed  [[32mPASS[0m in 0.01s]
[0m01:08:56  5 of 71 START test assert_earnings_do_not_exceed_max_earnings .................. [RUN]
[0m01:08:56  5 of 71 WARN 50 assert_earnings_do_not_exceed_max_earnings ..................... [[33mWARN 50[0m in 0.01s]
[0m01:08:56  6 of 71 START test dbt_utils_unique_combination_of_columns_int_employee_pay_periods_employee_id__period_number  [RUN]
[0m01:08:56  6 of 71 PASS dbt_utils_unique_combination_of_columns_int_employee_pay_periods_employee_id__period_number  [[32mPASS[0m in 0.04s]
[0m01:08:56  7 of 71 START test not_null_int_advance_requests_employee_id ................... [RUN]
[0m01:08:56  7 of 71 PASS not_null_int_advance_requests_employee_id ......................... [[32mPASS[0m in 0.02s]
[0m01:08:56  8 of 71 START test not_null_int_advance_requests_exceeds_max_earnings .......... [RUN]
[0m01:08:56  8 of 71 PASS not_null_int_advance_requests_exceeds_max_earnings ................ [[32mPASS[0m in 0.02s]
[0m01:08:56  9 of 71 START test not_null_int_advance_requests_no_matching_pay_period ........ [RUN]
[0m01:08:56  9 of 71 PASS not_null_int_advance_requests_no_matching_pay_period .............. [[32mPASS[0m in 0.02s]
[0m01:08:56  10 of 71 START test not_null_int_advance_requests_request_id ................... [RUN]
[0m01:08:56  10 of 71 PASS not_null_int_advance_requests_request_id ......................... [[32mPASS[0m in 0.02s]
[0m01:08:56  11 of 71 START test not_null_int_advance_requests_requested_amount ............. [RUN]
[0m01:08:56  11 of 71 PASS not_null_int_advance_requests_requested_amount ................... [[32mPASS[0m in 0.02s]
[0m01:08:56  12 of 71 START test not_null_int_employee_pay_periods_employee_id .............. [RUN]
[0m01:08:56  12 of 71 PASS not_null_int_employee_pay_periods_employee_id .................... [[32mPASS[0m in 0.02s]
[0m01:08:56  13 of 71 START test not_null_int_employee_pay_periods_employer_id .............. [RUN]
[0m01:08:56  13 of 71 PASS not_null_int_employee_pay_periods_employer_id .................... [[32mPASS[0m in 0.02s]
[0m01:08:56  14 of 71 START test not_null_int_employee_pay_periods_pay_period_end_date ...... [RUN]
[0m01:08:56  14 of 71 PASS not_null_int_employee_pay_periods_pay_period_end_date ............ [[32mPASS[0m in 0.02s]
[0m01:08:56  15 of 71 START test not_null_int_employee_pay_periods_pay_period_start_date .... [RUN]
[0m01:08:56  15 of 71 PASS not_null_int_employee_pay_periods_pay_period_start_date .......... [[32mPASS[0m in 0.02s]
[0m01:08:56  16 of 71 START test not_null_int_employee_pay_periods_period_number ............ [RUN]
[0m01:08:56  16 of 71 PASS not_null_int_employee_pay_periods_period_number .................. [[32mPASS[0m in 0.02s]
[0m01:08:56  17 of 71 START test not_null_int_transactions_deduped_amount ................... [RUN]
[0m01:08:56  17 of 71 PASS not_null_int_transactions_deduped_amount ......................... [[32mPASS[0m in 0.01s]
[0m01:08:56  18 of 71 START test not_null_int_transactions_deduped_duplicate_flag ........... [RUN]
[0m01:08:56  18 of 71 PASS not_null_int_transactions_deduped_duplicate_flag ................. [[32mPASS[0m in 0.02s]
[0m01:08:56  19 of 71 START test not_null_int_transactions_deduped_employee_id .............. [RUN]
[0m01:08:56  19 of 71 PASS not_null_int_transactions_deduped_employee_id .................... [[32mPASS[0m in 0.01s]
[0m01:08:56  20 of 71 START test not_null_int_transactions_deduped_employer_id .............. [RUN]
[0m01:08:56  20 of 71 PASS not_null_int_transactions_deduped_employer_id .................... [[32mPASS[0m in 0.01s]
[0m01:08:56  21 of 71 START test not_null_int_transactions_deduped_event_time ............... [RUN]
[0m01:08:56  21 of 71 PASS not_null_int_transactions_deduped_event_time ..................... [[32mPASS[0m in 0.01s]
[0m01:08:56  22 of 71 START test not_null_int_transactions_deduped_loaded_at ................ [RUN]
[0m01:08:56  22 of 71 PASS not_null_int_transactions_deduped_loaded_at ...................... [[32mPASS[0m in 0.01s]
[0m01:08:56  23 of 71 START test not_null_int_transactions_deduped_status ................... [RUN]
[0m01:08:56  23 of 71 PASS not_null_int_transactions_deduped_status ......................... [[32mPASS[0m in 0.02s]
[0m01:08:56  24 of 71 START test not_null_int_transactions_deduped_transaction_id ........... [RUN]
[0m01:08:56  24 of 71 PASS not_null_int_transactions_deduped_transaction_id ................. [[32mPASS[0m in 0.01s]
[0m01:08:56  25 of 71 START test not_null_mart_anomalies_amount ............................. [RUN]
[0m01:08:56  25 of 71 PASS not_null_mart_anomalies_amount ................................... [[32mPASS[0m in 0.01s]
[0m01:08:56  26 of 71 START test not_null_mart_anomalies_anomaly_type ....................... [RUN]
[0m01:08:56  26 of 71 PASS not_null_mart_anomalies_anomaly_type ............................. [[32mPASS[0m in 0.01s]
[0m01:08:56  27 of 71 START test not_null_mart_anomalies_employee_id ........................ [RUN]
[0m01:08:56  27 of 71 PASS not_null_mart_anomalies_employee_id .............................. [[32mPASS[0m in 0.01s]
[0m01:08:57  28 of 71 START test not_null_mart_anomalies_source_id .......................... [RUN]
[0m01:08:57  28 of 71 PASS not_null_mart_anomalies_source_id ................................ [[32mPASS[0m in 0.01s]
[0m01:08:57  29 of 71 START test not_null_mart_employee_balances_current_balance ............ [RUN]
[0m01:08:57  29 of 71 PASS not_null_mart_employee_balances_current_balance .................. [[32mPASS[0m in 0.01s]
[0m01:08:57  30 of 71 START test not_null_mart_employee_balances_employee_id ................ [RUN]
[0m01:08:57  30 of 71 PASS not_null_mart_employee_balances_employee_id ...................... [[32mPASS[0m in 0.01s]
[0m01:08:57  31 of 71 START test not_null_mart_employee_balances_employer_id ................ [RUN]
[0m01:08:57  31 of 71 PASS not_null_mart_employee_balances_employer_id ...................... [[32mPASS[0m in 0.01s]
[0m01:08:57  32 of 71 START test not_null_mart_employee_balances_max_earnings ............... [RUN]
[0m01:08:57  32 of 71 PASS not_null_mart_employee_balances_max_earnings ..................... [[32mPASS[0m in 0.01s]
[0m01:08:57  33 of 71 START test not_null_mart_employee_balances_pay_period_end_date ........ [RUN]
[0m01:08:57  33 of 71 PASS not_null_mart_employee_balances_pay_period_end_date .............. [[32mPASS[0m in 0.01s]
[0m01:08:57  34 of 71 START test not_null_mart_employee_balances_pay_period_start_date ...... [RUN]
[0m01:08:57  34 of 71 PASS not_null_mart_employee_balances_pay_period_start_date ............ [[32mPASS[0m in 0.01s]
[0m01:08:57  35 of 71 START test not_null_mart_employee_balances_period_number .............. [RUN]
[0m01:08:57  35 of 71 PASS not_null_mart_employee_balances_period_number .................... [[32mPASS[0m in 0.01s]
[0m01:08:57  36 of 71 START test not_null_mart_employee_balances_total_approved_advances .... [RUN]
[0m01:08:57  36 of 71 PASS not_null_mart_employee_balances_total_approved_advances .......... [[32mPASS[0m in 0.01s]
[0m01:08:57  37 of 71 START test not_null_mart_employee_balances_total_confirmed_earnings ... [RUN]
[0m01:08:57  37 of 71 PASS not_null_mart_employee_balances_total_confirmed_earnings ......... [[32mPASS[0m in 0.01s]
[0m01:08:57  38 of 71 START test not_null_mart_employer_utilization_employer_id ............. [RUN]
[0m01:08:57  38 of 71 PASS not_null_mart_employer_utilization_employer_id ................... [[32mPASS[0m in 0.01s]
[0m01:08:57  39 of 71 START test not_null_mart_employer_utilization_total_advances .......... [RUN]
[0m01:08:57  39 of 71 PASS not_null_mart_employer_utilization_total_advances ................ [[32mPASS[0m in 0.01s]
[0m01:08:57  40 of 71 START test not_null_mart_employer_utilization_total_earned_wages ...... [RUN]
[0m01:08:57  40 of 71 PASS not_null_mart_employer_utilization_total_earned_wages ............ [[32mPASS[0m in 0.01s]
[0m01:08:57  41 of 71 START test not_null_stg_advance_requests_employee_id .................. [RUN]
[0m01:08:57  41 of 71 PASS not_null_stg_advance_requests_employee_id ........................ [[32mPASS[0m in 0.01s]
[0m01:08:57  42 of 71 START test not_null_stg_advance_requests_employer_id .................. [RUN]
[0m01:08:57  42 of 71 PASS not_null_stg_advance_requests_employer_id ........................ [[32mPASS[0m in 0.01s]
[0m01:08:57  43 of 71 START test not_null_stg_advance_requests_loaded_at .................... [RUN]
[0m01:08:57  43 of 71 PASS not_null_stg_advance_requests_loaded_at .......................... [[32mPASS[0m in 0.01s]
[0m01:08:57  44 of 71 START test not_null_stg_advance_requests_request_id ................... [RUN]
[0m01:08:57  44 of 71 PASS not_null_stg_advance_requests_request_id ......................... [[32mPASS[0m in 0.01s]
[0m01:08:57  45 of 71 START test not_null_stg_advance_requests_request_time ................. [RUN]
[0m01:08:57  45 of 71 PASS not_null_stg_advance_requests_request_time ....................... [[32mPASS[0m in 0.01s]
[0m01:08:57  46 of 71 START test not_null_stg_advance_requests_requested_amount ............. [RUN]
[0m01:08:57  46 of 71 PASS not_null_stg_advance_requests_requested_amount ................... [[32mPASS[0m in 0.01s]
[0m01:08:57  47 of 71 START test not_null_stg_advance_requests_status ....................... [RUN]
[0m01:08:57  47 of 71 PASS not_null_stg_advance_requests_status ............................. [[32mPASS[0m in 0.01s]
[0m01:08:57  48 of 71 START test not_null_stg_employees_employee_id ......................... [RUN]
[0m01:08:57  48 of 71 PASS not_null_stg_employees_employee_id ............................... [[32mPASS[0m in 0.01s]
[0m01:08:57  49 of 71 START test not_null_stg_employees_employer_id ......................... [RUN]
[0m01:08:57  49 of 71 PASS not_null_stg_employees_employer_id ............................... [[32mPASS[0m in 0.01s]
[0m01:08:57  50 of 71 START test not_null_stg_employees_max_earnings ........................ [RUN]
[0m01:08:57  50 of 71 PASS not_null_stg_employees_max_earnings .............................. [[32mPASS[0m in 0.01s]
[0m01:08:57  51 of 71 START test not_null_stg_employees_pay_period_start .................... [RUN]
[0m01:08:57  51 of 71 PASS not_null_stg_employees_pay_period_start .......................... [[32mPASS[0m in 0.01s]
[0m01:08:57  52 of 71 START test not_null_stg_employers_employer_id ......................... [RUN]
[0m01:08:57  52 of 71 PASS not_null_stg_employers_employer_id ............................... [[32mPASS[0m in 0.01s]
[0m01:08:57  53 of 71 START test not_null_stg_transactions_amount ........................... [RUN]
[0m01:08:57  53 of 71 PASS not_null_stg_transactions_amount ................................. [[32mPASS[0m in 0.01s]
[0m01:08:57  54 of 71 START test not_null_stg_transactions_employee_id ...................... [RUN]
[0m01:08:57  54 of 71 PASS not_null_stg_transactions_employee_id ............................ [[32mPASS[0m in 0.01s]
[0m01:08:57  55 of 71 START test not_null_stg_transactions_employer_id ...................... [RUN]
[0m01:08:57  55 of 71 PASS not_null_stg_transactions_employer_id ............................ [[32mPASS[0m in 0.01s]
[0m01:08:57  56 of 71 START test not_null_stg_transactions_event_time ....................... [RUN]
[0m01:08:57  56 of 71 PASS not_null_stg_transactions_event_time ............................. [[32mPASS[0m in 0.01s]
[0m01:08:57  57 of 71 START test not_null_stg_transactions_loaded_at ........................ [RUN]
[0m01:08:57  57 of 71 PASS not_null_stg_transactions_loaded_at .............................. [[32mPASS[0m in 0.01s]
[0m01:08:57  58 of 71 START test not_null_stg_transactions_status ........................... [RUN]
[0m01:08:57  58 of 71 PASS not_null_stg_transactions_status ................................. [[32mPASS[0m in 0.01s]
[0m01:08:57  59 of 71 START test not_null_stg_transactions_transaction_id ................... [RUN]
[0m01:08:57  59 of 71 PASS not_null_stg_transactions_transaction_id ......................... [[32mPASS[0m in 0.01s]
[0m01:08:57  60 of 71 START test relationships_int_employee_pay_periods_employee_id__employee_id__ref_stg_employees_  [RUN]
[0m01:08:57  60 of 71 PASS relationships_int_employee_pay_periods_employee_id__employee_id__ref_stg_employees_  [[32mPASS[0m in 0.02s]
[0m01:08:57  61 of 71 START test relationships_mart_employee_balances_employee_id__employee_id__ref_stg_employees_  [RUN]
[0m01:08:57  61 of 71 PASS relationships_mart_employee_balances_employee_id__employee_id__ref_stg_employees_  [[32mPASS[0m in 0.02s]
[0m01:08:57  62 of 71 START test relationships_mart_employer_utilization_employer_id__employer_id__ref_stg_employers_  [RUN]
[0m01:08:57  62 of 71 PASS relationships_mart_employer_utilization_employer_id__employer_id__ref_stg_employers_  [[32mPASS[0m in 0.02s]
[0m01:08:57  63 of 71 START test relationships_stg_advance_requests_employee_id__employee_id__ref_stg_employees_  [RUN]
[0m01:08:57  63 of 71 PASS relationships_stg_advance_requests_employee_id__employee_id__ref_stg_employees_  [[32mPASS[0m in 0.02s]
[0m01:08:57  64 of 71 START test relationships_stg_employees_employer_id__employer_id__ref_stg_employers_  [RUN]
[0m01:08:57  64 of 71 PASS relationships_stg_employees_employer_id__employer_id__ref_stg_employers_  [[32mPASS[0m in 0.02s]
[0m01:08:57  65 of 71 START test unique_int_advance_requests_request_id ..................... [RUN]
[0m01:08:57  65 of 71 PASS unique_int_advance_requests_request_id ........................... [[32mPASS[0m in 0.02s]
[0m01:08:57  66 of 71 START test unique_int_transactions_deduped_transaction_id ............. [RUN]
[0m01:08:57  66 of 71 PASS unique_int_transactions_deduped_transaction_id ................... [[32mPASS[0m in 0.01s]
[0m01:08:57  67 of 71 START test unique_mart_employee_balances_employee_id .................. [RUN]
[0m01:08:57  67 of 71 PASS unique_mart_employee_balances_employee_id ........................ [[32mPASS[0m in 0.01s]
[0m01:08:57  68 of 71 START test unique_mart_employer_utilization_employer_id ............... [RUN]
[0m01:08:57  68 of 71 PASS unique_mart_employer_utilization_employer_id ..................... [[32mPASS[0m in 0.05s]
[0m01:08:57  69 of 71 START test unique_stg_advance_requests_request_id ..................... [RUN]
[0m01:08:57  69 of 71 PASS unique_stg_advance_requests_request_id ........................... [[32mPASS[0m in 0.01s]
[0m01:08:57  70 of 71 START test unique_stg_employees_employee_id ........................... [RUN]
[0m01:08:57  70 of 71 PASS unique_stg_employees_employee_id ................................. [[32mPASS[0m in 0.01s]
[0m01:08:57  71 of 71 START test unique_stg_employers_employer_id ........................... [RUN]
[0m01:08:57  71 of 71 PASS unique_stg_employers_employer_id ................................. [[32mPASS[0m in 0.01s]
[0m01:08:57  
[0m01:08:57  Finished running 71 data tests in 0 hours 0 minutes and 1.32 seconds (1.32s).
[0m01:08:57  
[0m01:08:57  [33mCompleted with 1 warning:[0m
[0m01:08:57  
[0m01:08:57  [[33mWARNING[0m]: in test assert_earnings_do_not_exceed_max_earnings (tests/assert_earnings_do_not_exceed_max_earnings.sql)
[0m01:08:57  [[33mWARNING[0m]: Got 50 results, configured to warn if != 0
[0m01:08:57  
[0m01:08:57    compiled code at target/compiled/ewa_pipeline/tests/assert_earnings_do_not_exceed_max_earnings.sql
[0m01:08:57  
[0m01:08:57  Done. PASS=70 WARN=1 ERROR=0 SKIP=0 NO-OP=0 REUSED=0 TOTAL=71

[32m2026-09-05 21:08:58 -0400[0m - dagster - [34mDEBUG[0m - ewa_pipeline_job - edacaa5f-c607-4a40-8304-a3afb18dd9e2 - 90170 - dbt_test - STEP_OUTPUT - Yielded output "result" of type "Int". (Type check passed).
[32m2026-09-05 21:08:58 -0400[0m - dagster - [34mDEBUG[0m - ewa_pipeline_job - edacaa5f-c607-4a40-8304-a3afb18dd9e2 - dbt_test - Writing file at: /Users/dcast822/ewa_streaming_pipeline/ewa-streaming-sim/dagster_project/.tmp_dagster_home_w_tw59_1/storage/edacaa5f-c607-4a40-8304-a3afb18dd9e2/dbt_test/result using PickledObjectFilesystemIOManager...
[32m2026-09-05 21:08:58 -0400[0m - dagster - [34mDEBUG[0m - ewa_pipeline_job - edacaa5f-c607-4a40-8304-a3afb18dd9e2 - 90170 - dbt_test - HANDLED_OUTPUT - Handled output "result" using IO manager "io_manager"
[32m2026-09-05 21:08:58 -0400[0m - dagster - [34mDEBUG[0m - ewa_pipeline_job - edacaa5f-c607-4a40-8304-a3afb18dd9e2 - 90170 - dbt_test - STEP_SUCCESS - Finished execution of step "dbt_test" in 3.73s.
